D:\a\CV-AUT\CV-AUT\src\backend\Core\BuilderBase\Navigation\VillageSwitchIO.cs(10,24): error CS0101: The namespace 'CvAut' already contains a definition for 'IVillageSwitchIO' [D:\a\CV-AUT\CV-AUT\src\backend\Simplimixi.Backend.csproj]
D:\a\CV-AUT\CV-AUT\src\backend\Core\BuilderBase\Navigation\VillageSwitchIO.cs(21,27): error CS0101: The namespace 'CvAut' already contains a definition for 'VillageSwitchIO' [D:\a\CV-AUT\CV-AUT\src\backend\Simplimixi.Backend.csproj]
D:\a\CV-AUT\CV-AUT\src\backend\Core\BuilderBase\Navigation\BuilderBaseNavigationLog.cs(9,27): error CS0101: The namespace 'CvAut' already contains a definition for 'BuilderBaseNavigationLog' [D:\a\CV-AUT\CV-AUT\src\backend\Simplimixi.Backend.csproj]
D:\a\CV-AUT\CV-AUT\src\backend\Core\BuilderBase\Navigation\VillageSwitchIO.cs(12,14): error CS0111: Type 'IVillageSwitchIO' already defines a member called 'TakeScreenshot' with the same parameter types [D:\a\CV-AUT\CV-AUT\src\backend\Simplimixi.Backend.csproj]
D:\a\CV-AUT\CV-AUT\src\backend\Core\BuilderBase\Navigation\VillageSwitchIO.cs(13,16): error CS0111: Type 'IVillageSwitchIO' already defines a member called 'FindElement' with the same parameter types [D:\a\CV-AUT\CV-AUT\src\backend\Simplimixi.Backend.csproj]
D:\a\CV-AUT\CV-AUT\src\backend\Core\BuilderBase\Navigation\VillageSwitchIO.cs(14,14): error CS0111: Type 'IVillageSwitchIO' already defines a member called 'Tap' with the same parameter types [D:\a\CV-AUT\CV-AUT\src\backend\Simplimixi.Backend.csproj]
D:\a\CV-AUT\CV-AUT\src\backend\Core\BuilderBase\Navigation\VillageSwitchIO.cs(15,14): error CS0111: Type 'IVillageSwitchIO' already defines a member called 'PinchInZoomOut' with the same parameter types [D:\a\CV-AUT\CV-AUT\src\backend\Simplimixi.Backend.csproj]
D:\a\CV-AUT\CV-AUT\src\backend\Core\BuilderBase\Navigation\VillageSwitchIO.cs(26,18): error CS0111: Type 'VillageSwitchIO' already defines a member called 'VillageSwitchIO' with the same parameter types [D:\a\CV-AUT\CV-AUT\src\backend\Simplimixi.Backend.csproj]
D:\a\CV-AUT\CV-AUT\src\backend\Core\BuilderBase\Navigation\VillageSwitchIO.cs(32,21): error CS0111: Type 'VillageSwitchIO' already defines a member called 'TakeScreenshot' with the same parameter types [D:\a\CV-AUT\CV-AUT\src\backend\Simplimixi.Backend.csproj]
D:\a\CV-AUT\CV-AUT\src\backend\Core\BuilderBase\Navigation\VillageSwitchIO.cs(34,23): error CS0111: Type 'VillageSwitchIO' already defines a member called 'FindElement' with the same parameter types [D:\a\CV-AUT\CV-AUT\src\backend\Simplimixi.Backend.csproj]
D:\a\CV-AUT\CV-AUT\src\backend\Core\BuilderBase\Navigation\VillageSwitchIO.cs(39,21): error CS0111: Type 'VillageSwitchIO' already defines a member called 'Tap' with the same parameter types [D:\a\CV-AUT\CV-AUT\src\backend\Simplimixi.Backend.csproj]
D:\a\CV-AUT\CV-AUT\src\backend\Core\BuilderBase\Navigation\VillageSwitchIO.cs(41,21): error CS0111: Type 'VillageSwitchIO' already defines a member called 'PinchInZoomOut' with the same parameter types [D:\a\CV-AUT\CV-AUT\src\backend\Simplimixi.Backend.csproj]
D:\a\CV-AUT\CV-AUT\src\backend\Core\BuilderBase\Navigation\BuilderBaseNavigationLog.cs(21,32): error CS0111: Type 'BuilderBaseNavigationLog' already defines a member called 'Format' with the same parameter types [D:\a\CV-AUT\CV-AUT\src\backend\Simplimixi.Backend.csproj]
D:\a\CV-AUT\CV-AUT\src\backend\Core\BuilderBase\Navigation\BuilderBaseNavigationLog.cs(28,31): error CS0111: Type 'BuilderBaseNavigationLog' already defines a member called 'SanitizeToken' with the same parameter types [D:\a\CV-AUT\CV-AUT\src\backend\Simplimixi.Backend.csproj]
D:\a\CV-AUT\CV-AUT\src\backend\Core\BuilderBase\Navigation\BuilderBaseNavigationLog.cs(38,31): error CS0111: Type 'BuilderBaseNavigationLog' already defines a member called 'Sanitize' with the same parameter types [D:\a\CV-AUT\CV-AUT\src\backend\Simplimixi.Backend.csproj]

Build FAILED.

D:\a\CV-AUT\CV-AUT\src\backend\Core\BuilderBase\Navigation\VillageSwitchIO.cs(10,24): error CS0101: The namespace 'CvAut' already contains a definition for 'IVillageSwitchIO' [D:\a\CV-AUT\CV-AUT\src\backend\Simplimixi.Backend.csproj]
D:\a\CV-AUT\CV-AUT\src\backend\Core\BuilderBase\Navigation\VillageSwitchIO.cs(21,27): error CS0101: The namespace 'CvAut' already contains a definition for 'VillageSwitchIO' [D:\a\CV-AUT\CV-AUT\src\backend\Simplimixi.Backend.csproj]
D:\a\CV-AUT\CV-AUT\src\backend\Core\BuilderBase\Navigation\BuilderBaseNavigationLog.cs(9,27): error CS0101: The namespace 'CvAut' already contains a definition for 'BuilderBaseNavigationLog' [D:\a\CV-AUT\CV-AUT\src\backend\Simplimixi.Backend.csproj]
D:\a\CV-AUT\CV-AUT\src\backend\Core\BuilderBase\Navigation\VillageSwitchIO.cs(12,14): error CS0111: Type 'IVillageSwitchIO' already defines a member called 'TakeScreenshot' with the same parameter types [D:\a\CV-AUT\CV-AUT\src\backend\Simplimixi.Backend.csproj]
D:\a\CV-AUT\CV-AUT\src\backend\Core\BuilderBase\Navigation\VillageSwitchIO.cs(13,16): error CS0111: Type 'IVillageSwitchIO' already defines a member called 'FindElement' with the same parameter types [D:\a\CV-AUT\CV-AUT\src\backend\Simplimixi.Backend.csproj]
D:\a\CV-AUT\CV-AUT\src\backend\Core\BuilderBase\Navigation\VillageSwitchIO.cs(14,14): error CS0111: Type 'IVillageSwitchIO' already defines a member called 'Tap' with the same parameter types [D:\a\CV-AUT\CV-AUT\src\backend\Simplimixi.Backend.csproj]
D:\a\CV-AUT\CV-AUT\src\backend\Core\BuilderBase\Navigation\VillageSwitchIO.cs(15,14): error CS0111: Type 'IVillageSwitchIO' already defines a member called 'PinchInZoomOut' with the same parameter types [D:\a\CV-AUT\CV-AUT\src\backend\Simplimixi.Backend.csproj]
D:\a\CV-AUT\CV-AUT\src\backend\Core\BuilderBase\Navigation\VillageSwitchIO.cs(26,18): error CS0111: Type 'VillageSwitchIO' already defines a member called 'VillageSwitchIO' with the same parameter types [D:\a\CV-AUT\CV-AUT\src\backend\Simplimixi.Backend.csproj]
D:\a\CV-AUT\CV-AUT\src\backend\Core\BuilderBase\Navigation\VillageSwitchIO.cs(32,21): error CS0111: Type 'VillageSwitchIO' already defines a member called 'TakeScreenshot' with the same parameter types [D:\a\CV-AUT\CV-AUT\src\backend\Simplimixi.Backend.csproj]
D:\a\CV-AUT\CV-AUT\src\backend\Core\BuilderBase\Navigation\VillageSwitchIO.cs(34,23): error CS0111: Type 'VillageSwitchIO' already defines a member called 'FindElement' with the same parameter types [D:\a\CV-AUT\CV-AUT\src\backend\Simplimixi.Backend.csproj]
D:\a\CV-AUT\CV-AUT\src\backend\Core\BuilderBase\Navigation\VillageSwitchIO.cs(39,21): error CS0111: Type 'VillageSwitchIO' already defines a member called 'Tap' with the same parameter types [D:\a\CV-AUT\CV-AUT\src\backend\Simplimixi.Backend.csproj]
D:\a\CV-AUT\CV-AUT\src\backend\Core\BuilderBase\Navigation\VillageSwitchIO.cs(41,21): error CS0111: Type 'VillageSwitchIO' already defines a member called 'PinchInZoomOut' with the same parameter types [D:\a\CV-AUT\CV-AUT\src\backend\Simplimixi.Backend.csproj]
D:\a\CV-AUT\CV-AUT\src\backend\Core\BuilderBase\Navigation\BuilderBaseNavigationLog.cs(21,32): error CS0111: Type 'BuilderBaseNavigationLog' already defines a member called 'Format' with the same parameter types [D:\a\CV-AUT\CV-AUT\src\backend\Simplimixi.Backend.csproj]
D:\a\CV-AUT\CV-AUT\src\backend\Core\BuilderBase\Navigation\BuilderBaseNavigationLog.cs(28,31): error CS0111: Type 'BuilderBaseNavigationLog' already defines a member called 'SanitizeToken' with the same parameter types [D:\a\CV-AUT\CV-AUT\src\backend\Simplimixi.Backend.csproj]
D:\a\CV-AUT\CV-AUT\src\backend\Core\BuilderBase\Navigation\BuilderBaseNavigationLog.cs(38,31): error CS0111: Type 'BuilderBaseNavigationLog' already defines a member called 'Sanitize' with the same parameter types [D:\a\CV-AUT\CV-AUT\src\backend\Simplimixi.Backend.csproj]
    0 Warning(s)
    15 Error(s)

Time Elapsed 00:00:04.48
